###############################################################################
#
# IAR ELF Linker V8.40.1.212/W32 for ARM                  24/Oct/2019  18:21:28
# Copyright 2007-2019 IAR Systems AB.
#
#    Output file  =
#        C:\Users\gusta\OneDrive\Documentos\Faculdade\8ºPeríodo\Sistemas
#        Embarcados\EK-TM4C1294_IAR8\Projects\Lab2\Debug\Exe\Lab2.out
#    Map file     =
#        C:\Users\gusta\OneDrive\Documentos\Faculdade\8ºPeríodo\Sistemas
#        Embarcados\EK-TM4C1294_IAR8\Projects\Lab2\Debug\List\Lab2.map
#    Command line =
#        -f C:\Users\gusta\AppData\Local\Temp\EW4F8.tmp
#        ("C:\Users\gusta\OneDrive\Documentos\Faculdade\8ºPeríodo\Sistemas
#        Embarcados\EK-TM4C1294_IAR8\TivaWare_C_Series-2.1.4.178\driverlib\ewarm\Exe\driverlib.a"
#        "C:\Users\gusta\OneDrive\Documentos\Faculdade\8ºPeríodo\Sistemas
#        Embarcados\EK-TM4C1294_IAR8\Projects\Lab2\Debug\Obj\lab2_PWM.o"
#        "C:\Users\gusta\OneDrive\Documentos\Faculdade\8ºPeríodo\Sistemas
#        Embarcados\EK-TM4C1294_IAR8\Projects\Lab2\Debug\Obj\startup_TM4C1294.o"
#        "C:\Users\gusta\OneDrive\Documentos\Faculdade\8ºPeríodo\Sistemas
#        Embarcados\EK-TM4C1294_IAR8\Projects\Lab2\Debug\Obj\system_TM4C1294_TW.o"
#        "C:\Users\gusta\OneDrive\Documentos\Faculdade\8ºPeríodo\Sistemas
#        Embarcados\EK-TM4C1294_IAR8\Projects\Lab2\Debug\Obj\uartstdio.o"
#        --no_out_extension -o
#        "C:\Users\gusta\OneDrive\Documentos\Faculdade\8ºPeríodo\Sistemas
#        Embarcados\EK-TM4C1294_IAR8\Projects\Lab2\Debug\Exe\Lab2.out" --map
#        "C:\Users\gusta\OneDrive\Documentos\Faculdade\8ºPeríodo\Sistemas
#        Embarcados\EK-TM4C1294_IAR8\Projects\Lab2\Debug\List\Lab2.map"
#        --config "C:\Program Files (x86)\IAR Systems\Embedded Workbench
#        8.3\arm\config\linker\TexasInstruments\TM4C1294NC.icf" --semihosting
#        --entry __iar_program_start --vfe --text_out locale)
#
###############################################################################

*******************************************************************************
*** RUNTIME MODEL ATTRIBUTES
***

CppFlavor       = *
__SystemLibrary = DLib
__dlib_version  = 6


*******************************************************************************
*** HEAP SELECTION
***

The basic heap was selected because some modules are built with
size limitations (and not runtime checking), and --advanced_heap
was not specified.


*******************************************************************************
*** PLACEMENT SUMMARY
***

"A0":  place at address 0x0 { ro section .intvec };
"P1":  place in [from 0x0 to 0xf'ffff] { ro };
define block CSTACK with size = 32K, alignment = 8 { };
define block HEAP with size = 64K, alignment = 8 { };
"P2":  place in [from 0x2000'0000 to 0x2003'ffff] {
          rw, block CSTACK, block HEAP };

  Section          Kind         Address    Size  Object
  -------          ----         -------    ----  ------
"A0":                                     0x3c0
  .intvec          ro code          0x0   0x3c0  startup_TM4C1294.o [1]
                                - 0x3c0   0x3c0

"P1":                                    0x16b4
  .text            ro code        0x3c0   0x544  uartstdio.o [1]
  .text            ro code        0x904   0x11c  interrupt.o [3]
  .text            ro code        0xa20   0x114  uart.o [3]
  .text            ro code        0xb34   0x2ac  sysctl.o [3]
  .text            ro code        0xde0    0x10  cpu.o [3]
  .text            ro code        0xdf0   0x41c  lab2_PWM.o [1]
  .text            ro code       0x120c   0x1c4  gpio.o [3]
  .text            ro code       0x13d0   0x114  timer.o [3]
  .rodata          const         0x14e4   0x1b0  sysctl.o [3]
  .rodata          const         0x1694    0xa0  timer.o [3]
  .rodata          const         0x1734    0x90  gpio.o [3]
  .rodata          const         0x17c4    0x6c  sysctl.o [3]
  .text            ro code       0x1830    0x3a  zero_init3.o [4]
  .text            ro code       0x186a     0x2  startup_TM4C1294.o [1]
  .rodata          const         0x186c    0x30  sysctl.o [3]
  .text            ro code       0x189c    0x2c  system_TM4C1294_TW.o [1]
  .text            ro code       0x18c8    0x28  data_init.o [4]
  .iar.init_table  const         0x18f0    0x10  - Linker created -
  .text            ro code       0x1900    0x1e  cmain.o [4]
  .text            ro code       0x191e     0x4  low_level_init.o [2]
  .text            ro code       0x1922     0x4  exit.o [2]
  .text            ro code       0x1928     0xa  cexit.o [4]
  .text            ro code       0x1934    0x14  exit.o [5]
  .rodata          const         0x1948    0x1c  lab2_PWM.o [1]
  .rodata          const         0x1964    0x1c  lab2_PWM.o [1]
  .rodata          const         0x1980    0x1c  lab2_PWM.o [1]
  .rodata          const         0x199c    0x1c  lab2_PWM.o [1]
  .rodata          const         0x19b8    0x18  lab2_PWM.o [1]
  .rodata          const         0x19d0    0x18  lab2_PWM.o [1]
  .rodata          const         0x19e8    0x14  lab2_PWM.o [1]
  .rodata          const         0x19fc    0x14  uartstdio.o [1]
  .text            ro code       0x1a10    0x14  startup_TM4C1294.o [1]
  .rodata          const         0x1a24    0x10  lab2_PWM.o [1]
  .rodata          const         0x1a34     0xc  uartstdio.o [1]
  .rodata          const         0x1a40     0xc  uartstdio.o [1]
  .rodata          const         0x1a4c     0xc  uartstdio.o [1]
  .text            ro code       0x1a58     0xc  cstartup_M.o [4]
  .rodata          const         0x1a64     0x8  uartstdio.o [1]
  .rodata          const         0x1a6c     0x4  lab2_PWM.o [1]
  .rodata          const         0x1a70     0x4  uartstdio.o [1]
  .rodata          const         0x1a74     0x0  zero_init3.o [4]
                               - 0x1a74  0x16b4

"P2", part 1 of 2:                        0x4ac
  .bss             zero     0x2000'0000   0x400  uartstdio.o [1]
  .bss             zero     0x2000'0400    0x80  uartstdio.o [1]
  .bss             zero     0x2000'0480     0x4  lab2_PWM.o [1]
  .bss             zero     0x2000'0484     0x4  lab2_PWM.o [1]
  .bss             zero     0x2000'0488     0x4  lab2_PWM.o [1]
  .bss             zero     0x2000'048c     0x4  lab2_PWM.o [1]
  .bss             zero     0x2000'0490     0x4  uartstdio.o [1]
  .bss             zero     0x2000'0494     0x4  uartstdio.o [1]
  .bss             zero     0x2000'0498     0x4  uartstdio.o [1]
  .bss             zero     0x2000'049c     0x4  uartstdio.o [1]
  .bss             zero     0x2000'04a0     0x4  uartstdio.o [1]
  .bss             zero     0x2000'04a4     0x4  uartstdio.o [1]
  .bss             zero     0x2000'04a8     0x1  uartstdio.o [1]
  .bss             zero     0x2000'04a9     0x1  uartstdio.o [1]
                          - 0x2000'04aa   0x4aa

"P2", part 2 of 2:                       0x8270
  VTABLE           uninit   0x2000'0800   0x26c  interrupt.o [3]
  .noinit          uninit   0x2000'0a6c     0x4  system_TM4C1294_TW.o [1]
  CSTACK                    0x2000'0a70  0x8000  <Block>
    CSTACK         uninit   0x2000'0a70  0x8000  <Block tail>
                          - 0x2000'8a70  0x8270

Unused ranges:

         From           To      Size
         ----           --      ----
       0x1a74     0xf'ffff  0xf'e58c
  0x2000'04ac  0x2000'07ff     0x354
  0x2000'8a70  0x2003'ffff  0x3'7590


*******************************************************************************
*** INIT TABLE
***

          Address      Size
          -------      ----
Zero (__iar_zero_init3)
    1 destination range, total size 0x4aa:
          0x2000'0000  0x4aa



*******************************************************************************
*** MODULE SUMMARY
***

    Module                ro code  ro data  rw data
    ------                -------  -------  -------
command line/config:
    -----------------------------------------------
    Total:

C:\Users\gusta\OneDrive\Documentos\Faculdade\8ºPeríodo\Sistemas Embarcados\EK-TM4C1294_IAR8\Projects\Lab2\Debug\Obj: [1]
    lab2_PWM.o              1'052      200       16
    startup_TM4C1294.o        982
    system_TM4C1294_TW.o       44                 4
    uartstdio.o             1'348       68    1'178
    -----------------------------------------------
    Total:                  3'426      268    1'198

dl7M_tln.a: [2]
    exit.o                      4
    low_level_init.o            4
    -----------------------------------------------
    Total:                      8

driverlib.a: [3]
    cpu.o                      16
    gpio.o                    452      144
    interrupt.o               284               620
    sysctl.o                  684      588
    timer.o                   276      160
    uart.o                    276
    -----------------------------------------------
    Total:                  1'988      892      620

rt7M_tl.a: [4]
    cexit.o                    10
    cmain.o                    30
    cstartup_M.o               12
    data_init.o                40
    zero_init3.o               58
    -----------------------------------------------
    Total:                    150

shb_l.a: [5]
    exit.o                     20
    -----------------------------------------------
    Total:                     20

    Gaps                        4
    Linker created                      16   32'768
---------------------------------------------------
    Grand Total:            5'596    1'176   34'586


*******************************************************************************
*** ENTRY LIST
***

Entry                       Address   Size  Type      Object
-----                       -------   ----  ----      ------
.iar.init_table$$Base        0x18f0          --   Gb  - Linker created -
.iar.init_table$$Limit       0x1900          --   Gb  - Linker created -
?main                        0x1901         Code  Gb  cmain.o [4]
CLK_System                   0x1a6c    0x4  Data  Gb  lab2_PWM.o [1]
CPUcpsid                      0xde1    0x8  Code  Gb  cpu.o [3]
CPUcpsie                      0xde9    0x8  Code  Gb  cpu.o [3]
CSTACK$$Base            0x2000'0a70          --   Gb  - Linker created -
CSTACK$$Limit           0x2000'8a70          --   Gb  - Linker created -
GPIODirModeSet               0x120d   0x28  Code  Gb  gpio.o [3]
GPIOPadConfigSet             0x1235  0x102  Code  Gb  gpio.o [3]
GPIOPinConfigure             0x138f   0x36  Code  Gb  gpio.o [3]
GPIOPinRead                  0x1337    0x8  Code  Gb  gpio.o [3]
GPIOPinTypeGPIOInput         0x1343   0x14  Code  Gb  gpio.o [3]
GPIOPinTypeTimer             0x135f   0x14  Code  Gb  gpio.o [3]
GPIOPinTypeUART              0x1373   0x14  Code  Gb  gpio.o [3]
GetBufferCount                0x3ef   0x16  Code  Lc  uartstdio.o [1]
Imprime_Valores               0xf15   0xda  Code  Gb  lab2_PWM.o [1]
IntDisable                    0x98d   0x46  Code  Gb  interrupt.o [3]
IntEnable                     0x945   0x46  Code  Gb  interrupt.o [3]
IntMasterDisable              0x90d    0x6  Code  Gb  interrupt.o [3]
IntMasterEnable               0x905    0x8  Code  Gb  interrupt.o [3]
IntRegister                   0x91b   0x28  Code  Gb  interrupt.o [3]
IsBufferEmpty                 0x3dd   0x12  Code  Lc  uartstdio.o [1]
IsBufferFull                  0x3c1   0x1c  Code  Lc  uartstdio.o [1]
PortasInit                   0x103d   0x54  Code  Gb  lab2_PWM.o [1]
Region$$Table$$Base          0x18f0          --   Gb  - Linker created -
Region$$Table$$Limit         0x1900          --   Gb  - Linker created -
SysCtlClockFreqSet            0xb9f  0x1fc  Code  Gb  sysctl.o [3]
SysCtlPeripheralEnable        0xb81    0x8  Code  Gb  sysctl.o [3]
SysCtlPeripheralPresent
                              0xb55    0xa  Code  Gb  sysctl.o [3]
SysCtlPeripheralReady         0xb5f    0x8  Code  Gb  sysctl.o [3]
SystemCoreClock         0x2000'0a6c    0x4  Data  Gb  system_TM4C1294_TW.o [1]
SystemInit                   0x189d   0x1a  Code  Gb  system_TM4C1294_TW.o [1]
TIMER0A_Handler              0x1115   0x2c  Code  Gb  lab2_PWM.o [1]
TIMER0B_Handler              0x1149   0x58  Code  Gb  lab2_PWM.o [1]
TimerConfigure               0x1431   0x54  Code  Gb  timer.o [3]
TimerControlEvent            0x1499   0x16  Code  Gb  timer.o [3]
TimerDisable                 0x141f   0x12  Code  Gb  timer.o [3]
TimerEnable                  0x140f   0x10  Code  Gb  timer.o [3]
TimerInit                    0x1091   0x84  Code  Gb  lab2_PWM.o [1]
TimerIntClear                0x14df    0x6  Code  Gb  timer.o [3]
TimerIntEnable               0x14d5    0xa  Code  Gb  timer.o [3]
TimerIntRegister             0x14bb   0x1a  Code  Gb  timer.o [3]
TimerValueGet                0x14af    0xc  Code  Gb  timer.o [3]
UART0_Handler                 0xf0b    0x8  Code  Gb  lab2_PWM.o [1]
UARTCharGetNonBlocking        0xae7   0x14  Code  Gb  uart.o [3]
UARTCharPutNonBlocking        0xafb   0x16  Code  Gb  uart.o [3]
UARTCharsAvail                0xacf    0x8  Code  Gb  uart.o [3]
UARTConfigSetExpClk           0xa29   0x5c  Code  Gb  uart.o [3]
UARTDisable                   0xa9f   0x22  Code  Gb  uart.o [3]
UARTEnable                    0xa85   0x1a  Code  Gb  uart.o [3]
UARTFIFOLevelSet              0xa21    0x8  Code  Gb  uart.o [3]
UARTFlushRx                   0x757   0x1c  Code  Gb  uartstdio.o [1]
UARTFlushTx                   0x773   0x30  Code  Gb  uartstdio.o [1]
UARTInit                      0xfef   0x4e  Code  Gb  lab2_PWM.o [1]
UARTIntClear                  0xb2f    0x6  Code  Gb  uart.o [3]
UARTIntDisable                0xb17    0x4  Code  Gb  uart.o [3]
UARTIntEnable                 0xb11    0x6  Code  Gb  uart.o [3]
UARTIntStatus                 0xb23    0xc  Code  Gb  uart.o [3]
UARTPrimeTransmit             0x405   0x6a  Code  Lc  uartstdio.o [1]
UARTSpaceAvail                0xad7    0x6  Code  Gb  uart.o [3]
UARTStdioConfig               0x46f   0x7e  Code  Gb  uartstdio.o [1]
UARTStdioIntHandler           0x7a9  0x116  Code  Gb  uartstdio.o [1]
UARTStdioIntHandler::bLastWasCR
                        0x2000'04a9    0x1  Data  Lc  uartstdio.o [1]
UARTTxBytesFree               0x743   0x14  Code  Gb  uartstdio.o [1]
UARTprintf                    0x735    0xe  Code  Gb  uartstdio.o [1]
UARTvprintf                   0x57f  0x1b6  Code  Gb  uartstdio.o [1]
UARTwrite                     0x4ed   0x92  Code  Gb  uartstdio.o [1]
_SysCtlMemTimingGet           0xb35   0x20  Code  Lc  sysctl.o [3]
_TimerIntNumberGet           0x13d1   0x3e  Code  Lc  timer.o [3]
__Vectors                       0x0          --   Gb  startup_TM4C1294.o [1]
__Vectors_End                 0x3c0         Data  Gb  startup_TM4C1294.o [1]
__Vectors_Size {Abs}          0x3c0          --   Gb  startup_TM4C1294.o [1]
__cmain                      0x1901         Code  Gb  cmain.o [4]
__exit                       0x1935   0x14  Code  Gb  exit.o [5]
__iar_data_init3             0x18c9   0x28  Code  Gb  data_init.o [4]
__iar_init_vfp               0x1a19         Code  Wk  startup_TM4C1294.o [1]
__iar_program_start          0x1a59         Code  Gb  cstartup_M.o [4]
__iar_zero_init3             0x1831   0x3a  Code  Gb  zero_init3.o [4]
__low_level_init             0x191f    0x4  Code  Gb  low_level_init.o [2]
__vector_table                  0x0         Data  Gb  startup_TM4C1294.o [1]
__vector_table_0x1c            0x1c         Data  Gb  startup_TM4C1294.o [1]
_call_main                   0x190d         Code  Gb  cmain.o [4]
_exit                        0x1929         Code  Gb  cexit.o [4]
_main                        0x191b         Code  Gb  cmain.o [4]
aux_global              0x2000'048c    0x4  Data  Gb  lab2_PWM.o [1]
exit                         0x1923    0x4  Code  Gb  exit.o [2]
g_bDisableEcho          0x2000'04a8    0x1  Data  Lc  uartstdio.o [1]
g_pcHex                      0x1a70    0x4  Data  Lc  uartstdio.o [1]
g_pcUARTRxBuffer        0x2000'0400   0x80  Data  Lc  uartstdio.o [1]
g_pcUARTTxBuffer        0x2000'0000  0x400  Data  Lc  uartstdio.o [1]
g_pfnRAMVectors         0x2000'0800  0x26c  Data  Lc  interrupt.o [3]
g_pppui32XTALtoVCO           0x14e4  0x1b0  Data  Lc  sysctl.o [3]
g_ppui32TimerIntMap          0x1694   0x60  Data  Lc  timer.o [3]
g_ppui32TimerIntMapSnowflake
                             0x16f4   0x40  Data  Lc  timer.o [3]
g_pui32Dii16Regs              0xa0c   0x14  Data  Lc  interrupt.o [3]
g_pui32EnRegs                 0x9f8   0x14  Data  Lc  interrupt.o [3]
g_pui32GPIOBaseAddrs         0x1734   0x90  Data  Lc  gpio.o [3]
g_pui32VCOFrequencies         0xdd8    0x8  Data  Lc  sysctl.o [3]
g_pui32Xtals                 0x17c4   0x6c  Data  Lc  sysctl.o [3]
g_sXTALtoMEMTIM              0x186c   0x30  Data  Lc  sysctl.o [3]
g_ui32Base              0x2000'04a0    0x4  Data  Lc  uartstdio.o [1]
g_ui32PortNum           0x2000'04a4    0x4  Data  Lc  uartstdio.o [1]
g_ui32UARTBase               0x1a34    0xc  Data  Lc  uartstdio.o [1]
g_ui32UARTInt                0x1a40    0xc  Data  Lc  uartstdio.o [1]
g_ui32UARTPeriph             0x1a4c    0xc  Data  Lc  uartstdio.o [1]
g_ui32UARTRxReadIndex   0x2000'049c    0x4  Data  Lc  uartstdio.o [1]
g_ui32UARTRxWriteIndex  0x2000'0498    0x4  Data  Lc  uartstdio.o [1]
g_ui32UARTTxReadIndex   0x2000'0494    0x4  Data  Lc  uartstdio.o [1]
g_ui32UARTTxWriteIndex  0x2000'0490    0x4  Data  Lc  uartstdio.o [1]
main                          0xdf1  0x11a  Code  Gb  lab2_PWM.o [1]
tall                    0x2000'0484    0x4  Data  Gb  lab2_PWM.o [1]
tref                    0x2000'0488    0x4  Data  Gb  lab2_PWM.o [1]
tup                     0x2000'0480    0x4  Data  Gb  lab2_PWM.o [1]


[1] = C:\Users\gusta\OneDrive\Documentos\Faculdade\8ºPeríodo\Sistemas Embarcados\EK-TM4C1294_IAR8\Projects\Lab2\Debug\Obj
[2] = dl7M_tln.a
[3] = driverlib.a
[4] = rt7M_tl.a
[5] = shb_l.a

   5'596 bytes of readonly  code memory
   1'176 bytes of readonly  data memory
  34'586 bytes of readwrite data memory

Errors: none
Warnings: none
