###############################################################################
#
# IAR ELF Linker V8.40.1.212/W32 for ARM                  16/Nov/2019  18:26:16
# Copyright 2007-2019 IAR Systems AB.
#
#    Output file  =
#        C:\Users\gusta\OneDrive\Documentos\Faculdade\8ºPeríodo\Sistemas
#        Embarcados\Tiva_RTOS2_IAR8\projeto_elevador\Debug\Exe\Projeto_elevador.out
#    Map file     =
#        C:\Users\gusta\OneDrive\Documentos\Faculdade\8ºPeríodo\Sistemas
#        Embarcados\Tiva_RTOS2_IAR8\projeto_elevador\Debug\List\Projeto_elevador.map
#    Command line =
#        -f C:\Users\gusta\AppData\Local\Temp\EW3570.tmp
#        ("C:\Users\gusta\OneDrive\Documentos\Faculdade\8ºPeríodo\Sistemas
#        Embarcados\Tiva_RTOS2_IAR8\projeto_elevador\Debug\Obj\driverleds.o"
#        "C:\Users\gusta\OneDrive\Documentos\Faculdade\8ºPeríodo\Sistemas
#        Embarcados\Tiva_RTOS2_IAR8\driverlib\ewarm\Exe\driverlib.a"
#        "C:\Users\gusta\OneDrive\Documentos\Faculdade\8ºPeríodo\Sistemas
#        Embarcados\Tiva_RTOS2_IAR8\projeto_elevador\Debug\Obj\mydelay.o"
#        "C:\Users\gusta\OneDrive\Documentos\Faculdade\8ºPeríodo\Sistemas
#        Embarcados\Tiva_RTOS2_IAR8\projeto_elevador\Debug\Obj\projeto_elevador.o"
#        "C:\Users\gusta\OneDrive\Documentos\Faculdade\8ºPeríodo\Sistemas
#        Embarcados\Tiva_RTOS2_IAR8\CMSIS\RTOS2\RTX\Library\IAR\RTX_CM4F.a"
#        "C:\Users\gusta\OneDrive\Documentos\Faculdade\8ºPeríodo\Sistemas
#        Embarcados\Tiva_RTOS2_IAR8\projeto_elevador\Debug\Obj\RTX_Config.o"
#        "C:\Users\gusta\OneDrive\Documentos\Faculdade\8ºPeríodo\Sistemas
#        Embarcados\Tiva_RTOS2_IAR8\projeto_elevador\Debug\Obj\rtx_lib.o"
#        "C:\Users\gusta\OneDrive\Documentos\Faculdade\8ºPeríodo\Sistemas
#        Embarcados\Tiva_RTOS2_IAR8\projeto_elevador\Debug\Obj\startup_tm4c1294.o"
#        "C:\Users\gusta\OneDrive\Documentos\Faculdade\8ºPeríodo\Sistemas
#        Embarcados\Tiva_RTOS2_IAR8\projeto_elevador\Debug\Obj\system_tm4c1294.o"
#        --no_out_extension -o
#        "C:\Users\gusta\OneDrive\Documentos\Faculdade\8ºPeríodo\Sistemas
#        Embarcados\Tiva_RTOS2_IAR8\projeto_elevador\Debug\Exe\Projeto_elevador.out"
#        --map
#        "C:\Users\gusta\OneDrive\Documentos\Faculdade\8ºPeríodo\Sistemas
#        Embarcados\Tiva_RTOS2_IAR8\projeto_elevador\Debug\List\Projeto_elevador.map"
#        --config "C:\Program Files (x86)\IAR Systems\Embedded Workbench
#        8.3\arm\config\linker\TexasInstruments\TM4C1294NC.icf" --semihosting
#        --entry __iar_program_start --vfe --text_out locale)
#
###############################################################################

*******************************************************************************
*** RUNTIME MODEL ATTRIBUTES
***

CppFlavor       = *
__SystemLibrary = DLib
__dlib_version  = 6


*******************************************************************************
*** HEAP SELECTION
***

The basic heap was selected because some modules are built with
size limitations (and not runtime checking), and --advanced_heap
was not specified.


*******************************************************************************
*** PLACEMENT SUMMARY
***

"A0":  place at address 0x0 { ro section .intvec };
"P1":  place in [from 0x0 to 0xf'ffff] { ro };
define block CSTACK with size = 32K, alignment = 8 { };
define block HEAP with size = 64K, alignment = 8 { };
"P2":  place in [from 0x2000'0000 to 0x2003'ffff] {
          rw, block CSTACK, block HEAP };
initialize by copy { rw };

  Section                Kind         Address    Size  Object
  -------                ----         -------    ----  ------
"A0":                                           0x26c
  .intvec                ro code          0x0   0x26c  startup_tm4c1294.o [1]
                                      - 0x26c   0x26c

"P1":                                          0x2633
  .text                  ro code        0x26c   0x990  rtx_thread.o [2]
  .text                  ro code        0xbfc     0x2  rtx_evr.o [2]
  .text                  ro code        0xbfe     0x2  rtx_evr.o [2]
  .text                  ro code        0xc00     0x2  rtx_evr.o [2]
  .text                  ro code        0xc02     0x2  rtx_evr.o [2]
  .text                  ro code        0xc04     0x2  rtx_evr.o [2]
  .text                  ro code        0xc06     0x2  rtx_evr.o [2]
  .text                  ro code        0xc08     0x2  rtx_evr.o [2]
  .text                  ro code        0xc0a     0x2  rtx_evr.o [2]
  .text                  ro code        0xc0c     0x2  rtx_evr.o [2]
  .text                  ro code        0xc0e     0x2  rtx_evr.o [2]
  .text                  ro code        0xc10     0x2  rtx_evr.o [2]
  .text                  ro code        0xc12     0x2  rtx_evr.o [2]
  .text                  ro code        0xc14     0x2  rtx_evr.o [2]
  .text                  ro code        0xc16    0x3a  zero_init3.o [5]
  .text                  ro code        0xc50    0xe6  rtx_mempool.o [2]
  .text                  ro code        0xd36     0x2  rtx_evr.o [2]
  .text                  ro code        0xd38    0x82  rtx_memory.o [2]
  .text                  ro code        0xdba     0x2  RTX_Config.o [1]
  .text                  ro code        0xdbc     0x6  ABImemclr4.o [5]
  .text                  ro code        0xdc2     0x2  rtx_evr.o [2]
  .text                  ro code        0xdc4    0x4a  rtx_memory.o [2]
  .text                  ro code        0xe10    0x4c  rtx_mutex.o [2]
  .text                  ro code        0xe5c     0x2  rtx_evr.o [2]
  .text                  ro code        0xe5e     0x2  rtx_evr.o [2]
  .text                  ro code        0xe60     0x2  rtx_evr.o [2]
  .text                  ro code        0xe62     0x2  rtx_evr.o [2]
  .text                  ro code        0xe64     0x2  rtx_evr.o [2]
  .text                  ro code        0xe66     0x2  rtx_evr.o [2]
  .text                  ro code        0xe68     0x2  rtx_evr.o [2]
  .text                  ro code        0xe6a     0x2  rtx_evr.o [2]
  .text                  ro code        0xe6c   0x174  rtx_system.o [2]
  .text                  ro code        0xfe0     0x2  rtx_evr.o [2]
  .text                  ro code        0xfe2    0x20  RTX_Config.o [1]
  .text                  ro code       0x1002     0x2  rtx_evr.o [2]
  .text                  ro code       0x1004     0x2  rtx_evr.o [2]
  .text                  ro code       0x1006     0x2  rtx_evr.o [2]
  .text                  ro code       0x1008     0x2  rtx_evr.o [2]
  .text                  ro code       0x100c    0x32  ABImemset48.o [5]
  .text                  ro code       0x103e     0x2  rtx_evr.o [2]
  .text                  ro code       0x1040     0x2  rtx_evr.o [2]
  .text                  ro code       0x1042     0x2  rtx_evr.o [2]
  .text                  ro code       0x1044     0xc  os_systick.o [2]
  .text                  ro code       0x1050   0x62c  rtx_msgqueue.o [2]
  .text                  ro code       0x167c    0xa6  ABImemcpy.o [5]
  .text                  ro code       0x1722     0x2  rtx_evr.o [2]
  .text                  ro code       0x1724     0x2  rtx_evr.o [2]
  .text                  ro code       0x1726     0x2  rtx_evr.o [2]
  .text                  ro code       0x1728     0x6  ABImemclr.o [5]
  .text                  ro code       0x172e     0x2  rtx_evr.o [2]
  .text                  ro code       0x1730     0x2  rtx_evr.o [2]
  .text                  ro code       0x1732     0x2  rtx_evr.o [2]
  .text                  ro code       0x1734     0x2  rtx_evr.o [2]
  .text                  ro code       0x1736     0x2  rtx_evr.o [2]
  .text                  ro code       0x1738     0x2  rtx_evr.o [2]
  .text                  ro code       0x173a     0x2  rtx_evr.o [2]
  .text                  ro code       0x173c     0x2  rtx_evr.o [2]
  .text                  ro code       0x173e     0x2  rtx_evr.o [2]
  .text                  ro code       0x1740    0x5e  ABImemset.o [5]
  .text                  ro code       0x17a0   0x2c4  rtx_kernel.o [2]
  .text                  ro code       0x1a64     0x2  rtx_evr.o [2]
  .text                  ro code       0x1a66    0x44  rtx_memory.o [2]
  .text                  ro code       0x1aaa     0x2  rtx_evr.o [2]
  .text                  ro code       0x1aac     0x2  rtx_evr.o [2]
  .text                  ro code       0x1ab0    0x40  os_systick.o [2]
  .text                  ro code       0x1af0     0x6  os_systick.o [2]
  .text                  ro code       0x1af8    0x2c  os_systick.o [2]
  .text                  ro code       0x1b24     0x2  rtx_evr.o [2]
  .text                  ro code       0x1b26     0x2  rtx_lib.o [1]
  .text                  ro code       0x1b28     0x2  rtx_evr.o [2]
  .text                  ro code       0x1b2a     0x2  rtx_evr.o [2]
  .text                  ro code       0x1b2c     0x2  rtx_evr.o [2]
  .text                  ro code       0x1b30   0x29c  sysctl.o [4]
  .rodata                const         0x1dcc   0x1b0  sysctl.o [4]
  .text                  ro code       0x1f7c   0x194  projeto_elevador.o [1]
  .text                  ro code       0x2110    0x58  rtx_delay.o [2]
  .text                  ro code       0x2168    0x3c  system_tm4c1294.o [1]
  .text                  ro code       0x21a4    0xd8  driverleds.o [1]
  .text                  ro code       0x227c     0x2  rtx_evr.o [2]
  .text                  ro code       0x2280   0x14e  gpio.o [4]
  .text                  ro code       0x23d0    0xdc  rtx_timer.o [2]
  .text                  ro code       0x24ac     0x2  rtx_evr.o [2]
  .text                  ro code       0x24b0    0xc4  irq_cm4f.o [2]
  .rodata                const         0x2574    0x6c  sysctl.o [4]
  .rodata                const         0x25e0    0x68  rtx_lib.o [1]
  .text                  ro code       0x2648    0x38  packbits_init_single.o [5]
  .rodata                const         0x2680    0x30  sysctl.o [4]
  .text                  ro code       0x26b0    0x30  mydelay.o [1]
  .text                  ro code       0x26e0    0x28  data_init.o [5]
  .rodata                const         0x2708    0x24  projeto_elevador.o [1]
  .rodata                const         0x272c    0x24  projeto_elevador.o [1]
  .rodata                const         0x2750    0x24  projeto_elevador.o [1]
  .rodata                const         0x2774    0x24  rtx_lib.o [1]
  .rodata                const         0x2798    0x24  rtx_lib.o [1]
  .iar.init_table        const         0x27bc    0x20  - Linker created -
  .text                  ro code       0x27dc    0x1e  cmain.o [5]
  .text                  ro code       0x27fa     0x4  low_level_init.o [3]
  .text                  ro code       0x27fe     0x4  exit.o [3]
  .text                  ro code       0x2804     0xa  cexit.o [5]
  .text                  ro code       0x2810    0x14  exit.o [6]
  .rodata                const         0x2824    0x18  rtx_lib.o [1]
  .text                  ro code       0x283c     0xc  cstartup_M.o [5]
  .text                  ro code       0x2848     0x2  startup_tm4c1294.o [1]
  .text                  ro code       0x284c     0x8  startup_tm4c1294.o [1]
  .rodata                const         0x2854     0x4  rtx_lib.o [1]
  .text                  ro code       0x2858     0x4  startup_tm4c1294.o [1]
  .text                  ro code       0x285c     0x4  startup_tm4c1294.o [1]
  .text                  ro code       0x2860     0x4  startup_tm4c1294.o [1]
  .text                  ro code       0x2864     0x4  startup_tm4c1294.o [1]
  .text                  ro code       0x2868     0x4  startup_tm4c1294.o [1]
  .text                  ro code       0x286c     0x4  startup_tm4c1294.o [1]
  .text                  ro code       0x2870     0x4  startup_tm4c1294.o [1]
  .rodata                const         0x2874     0x0  zero_init3.o [5]
  .rodata                const         0x2874     0x0  packbits_init_single.o [5]
  Initializer bytes      const         0x2874    0x2b  <for P2-1>
                                     - 0x289f  0x2633

"P2", part 1 of 3:                               0xd4
  P2-1                            0x2000'0000    0xd4  <Init block>
    .data.os             inited   0x2000'0000    0xa4  rtx_kernel.o [2]
    .data.os.thread.mpi  inited   0x2000'00a4    0x18  rtx_lib.o [1]
    .data.os.thread.mpi  inited   0x2000'00bc    0x18  rtx_lib.o [1]
                                - 0x2000'00d4    0xd4

"P2", part 2 of 3:                             0x1e74
  .bss.os                zero     0x2000'00d8  0x1000  rtx_lib.o [1]
  .bss.os.thread.stack   zero     0x2000'10d8   0x960  rtx_lib.o [1]
  .bss.os.thread.cb      zero     0x2000'1a38   0x198  rtx_lib.o [1]
  .bss.os.thread.stack   zero     0x2000'1bd0   0x100  rtx_lib.o [1]
  .bss.os.thread.stack   zero     0x2000'1cd0   0x100  rtx_lib.o [1]
  .bss.os.msgqueue.mem   zero     0x2000'1dd0    0x50  rtx_lib.o [1]
  .bss.os.thread.cb      zero     0x2000'1e20    0x44  rtx_lib.o [1]
  .bss.os.thread.cb      zero     0x2000'1e64    0x44  rtx_lib.o [1]
  .bss.os                zero     0x2000'1ea8    0x40  rtx_lib.o [1]
  .bss.os.msgqueue.cb    zero     0x2000'1ee8    0x34  rtx_lib.o [1]
  .bss                   zero     0x2000'1f1c     0x4  projeto_elevador.o [1]
  .bss                   zero     0x2000'1f20     0x4  projeto_elevador.o [1]
  .bss                   zero     0x2000'1f24     0x4  projeto_elevador.o [1]
  .bss                   zero     0x2000'1f28     0x4  projeto_elevador.o [1]
  .bss                   zero     0x2000'1f2c     0x4  projeto_elevador.o [1]
  .bss                   zero     0x2000'1f30     0x4  projeto_elevador.o [1]
  .bss                   zero     0x2000'1f34     0x4  projeto_elevador.o [1]
  .bss                   zero     0x2000'1f38     0x4  projeto_elevador.o [1]
  .bss                   zero     0x2000'1f3c     0x4  projeto_elevador.o [1]
  .bss                   zero     0x2000'1f40     0x4  system_tm4c1294.o [1]
  .bss                   zero     0x2000'1f44     0x1  os_systick.o [2]
                                - 0x2000'1f45  0x1e71

"P2", part 3 of 3:                             0x8000
  CSTACK                          0x2000'1f48  0x8000  <Block>
    CSTACK               uninit   0x2000'1f48  0x8000  <Block tail>
                                - 0x2000'9f48  0x8000

Unused ranges:

         From           To      Size
         ----           --      ----
       0x289f     0xf'ffff  0xf'd761
  0x2000'9f48  0x2003'ffff  0x3'60b8


*******************************************************************************
*** INIT TABLE
***

          Address      Size
          -------      ----
Zero (__iar_zero_init3)
    1 destination range, total size 0x1e6d:
          0x2000'00d8  0x1e6d

Copy/packbits (__iar_packbits_init_single3)
    1 source range, total size 0x2b (20% of destination):
               0x2874    0x2b
    1 destination range, total size 0xd4:
          0x2000'0000    0xd4



*******************************************************************************
*** MODULE SUMMARY
***

    Module                  ro code  ro data  rw data
    ------                  -------  -------  -------
command line/config:
    -------------------------------------------------
    Total:

C:\Users\gusta\OneDrive\Documentos\Faculdade\8ºPeríodo\Sistemas Embarcados\Tiva_RTOS2_IAR8\projeto_elevador\Debug\Obj: [1]
    RTX_Config.o                 34
    driverleds.o                216
    mydelay.o                    48
    projeto_elevador.o          404      108       36
    rtx_lib.o                     2      214    7'796
    startup_tm4c1294.o          658
    system_tm4c1294.o            60                 4
    -------------------------------------------------
    Total:                    1'422      322    7'836

RTX_CM4F.a: [2]
    irq_cm4f.o                  196
    os_systick.o                126                 1
    rtx_delay.o                  88
    rtx_evr.o                   104
    rtx_kernel.o                708       33      164
    rtx_memory.o                272
    rtx_mempool.o               230
    rtx_msgqueue.o            1'580
    rtx_mutex.o                  76
    rtx_system.o                372
    rtx_thread.o              2'448
    rtx_timer.o                 220
    -------------------------------------------------
    Total:                    6'420       33      165

dl7M_tln.a: [3]
    exit.o                        4
    low_level_init.o              4
    -------------------------------------------------
    Total:                        8

driverlib.a: [4]
    gpio.o                      334
    sysctl.o                    668      588
    -------------------------------------------------
    Total:                    1'002      588

rt7M_tl.a: [5]
    ABImemclr.o                   6
    ABImemclr4.o                  6
    ABImemcpy.o                 166
    ABImemset.o                  94
    ABImemset48.o                50
    cexit.o                      10
    cmain.o                      30
    cstartup_M.o                 12
    data_init.o                  40
    packbits_init_single.o       56
    zero_init3.o                 58
    -------------------------------------------------
    Total:                      528

shb_l.a: [6]
    exit.o                       20
    -------------------------------------------------
    Total:                       20

    Gaps                         24                 4
    Linker created                        32   32'768
-----------------------------------------------------
    Grand Total:              9'424      975   40'773


*******************************************************************************
*** ENTRY LIST
***

Entry                       Address    Size  Type      Object
-----                       -------    ----  ----      ------
.iar.init_table$$Base        0x27bc           --   Gb  - Linker created -
.iar.init_table$$Limit       0x27dc           --   Gb  - Linker created -
?main                        0x27dd          Code  Gb  cmain.o [5]
CSTACK$$Base            0x2000'1f48           --   Gb  - Linker created -
CSTACK$$Limit           0x2000'9f48           --   Gb  - Linker created -
ElevadorC                    0x1fa7    0x2a  Code  Gb  projeto_elevador.o [1]
ElevadorC_id            0x2000'1f20     0x4  Data  Gb  projeto_elevador.o [1]
ElevadorD                    0x1fd1    0x2a  Code  Gb  projeto_elevador.o [1]
ElevadorD_id            0x2000'1f24     0x4  Data  Gb  projeto_elevador.o [1]
ElevadorE                    0x1f7d    0x2a  Code  Gb  projeto_elevador.o [1]
ElevadorE_id            0x2000'1f1c     0x4  Data  Gb  projeto_elevador.o [1]
EvrRtxEventFlagsWaitTimeout
                              0xc01     0x2  Code  Wk  rtx_evr.o [2]
EvrRtxKernelError            0x1a65     0x2  Code  Wk  rtx_evr.o [2]
EvrRtxKernelGetState         0x1aad     0x2  Code  Wk  rtx_evr.o [2]
EvrRtxKernelInitialize       0x1b29     0x2  Code  Wk  rtx_evr.o [2]
EvrRtxKernelInitialized
                             0x1aab     0x2  Code  Wk  rtx_evr.o [2]
EvrRtxKernelStart            0x1b2b     0x2  Code  Wk  rtx_evr.o [2]
EvrRtxKernelStarted          0x1b25     0x2  Code  Wk  rtx_evr.o [2]
EvrRtxMemoryAlloc            0x1009     0x2  Code  Wk  rtx_evr.o [2]
EvrRtxMemoryBlockAlloc       0x1005     0x2  Code  Wk  rtx_evr.o [2]
EvrRtxMemoryBlockFree        0x1007     0x2  Code  Wk  rtx_evr.o [2]
EvrRtxMemoryBlockInit        0x1003     0x2  Code  Wk  rtx_evr.o [2]
EvrRtxMemoryFree             0x103f     0x2  Code  Wk  rtx_evr.o [2]
EvrRtxMemoryInit             0x1b2d     0x2  Code  Wk  rtx_evr.o [2]
EvrRtxMemoryPoolAllocTimeout
                              0xc07     0x2  Code  Wk  rtx_evr.o [2]
EvrRtxMessageQueueCreated
                             0x172f     0x2  Code  Wk  rtx_evr.o [2]
EvrRtxMessageQueueError
                             0x1727     0x2  Code  Wk  rtx_evr.o [2]
EvrRtxMessageQueueGet        0x173f     0x2  Code  Wk  rtx_evr.o [2]
EvrRtxMessageQueueGetPending
                             0x1735     0x2  Code  Wk  rtx_evr.o [2]
EvrRtxMessageQueueGetTimeout
                              0xc09     0x2  Code  Wk  rtx_evr.o [2]
EvrRtxMessageQueueInsertPending
                             0x173d     0x2  Code  Wk  rtx_evr.o [2]
EvrRtxMessageQueueInserted
                             0x1723     0x2  Code  Wk  rtx_evr.o [2]
EvrRtxMessageQueueNew        0x1739     0x2  Code  Wk  rtx_evr.o [2]
EvrRtxMessageQueueNotInserted
                             0x1733     0x2  Code  Wk  rtx_evr.o [2]
EvrRtxMessageQueueNotRetrieved
                             0x1737     0x2  Code  Wk  rtx_evr.o [2]
EvrRtxMessageQueuePut        0x173b     0x2  Code  Wk  rtx_evr.o [2]
EvrRtxMessageQueuePutPending
                             0x1731     0x2  Code  Wk  rtx_evr.o [2]
EvrRtxMessageQueuePutTimeout
                              0xc0b     0x2  Code  Wk  rtx_evr.o [2]
EvrRtxMessageQueueRetrieved
                             0x1725     0x2  Code  Wk  rtx_evr.o [2]
EvrRtxMutexAcquireTimeout
                              0xc03     0x2  Code  Wk  rtx_evr.o [2]
EvrRtxMutexAcquired          0x1043     0x2  Code  Wk  rtx_evr.o [2]
EvrRtxMutexReleased          0x1041     0x2  Code  Wk  rtx_evr.o [2]
EvrRtxSemaphoreAcquireTimeout
                              0xc05     0x2  Code  Wk  rtx_evr.o [2]
EvrRtxThreadBlocked           0xc13     0x2  Code  Wk  rtx_evr.o [2]
EvrRtxThreadCreated           0xdc3     0x2  Code  Wk  rtx_evr.o [2]
EvrRtxThreadDelay            0x227d     0x2  Code  Wk  rtx_evr.o [2]
EvrRtxThreadDelayCompleted
                              0xbfd     0x2  Code  Wk  rtx_evr.o [2]
EvrRtxThreadDestroyed         0xe5f     0x2  Code  Wk  rtx_evr.o [2]
EvrRtxThreadError             0xd37     0x2  Code  Wk  rtx_evr.o [2]
EvrRtxThreadExit              0xe69     0x2  Code  Wk  rtx_evr.o [2]
EvrRtxThreadFlagsSet          0xe6b     0x2  Code  Wk  rtx_evr.o [2]
EvrRtxThreadFlagsSetDone
                              0xe61     0x2  Code  Wk  rtx_evr.o [2]
EvrRtxThreadFlagsWait         0xfe1     0x2  Code  Wk  rtx_evr.o [2]
EvrRtxThreadFlagsWaitCompleted
                              0xc15     0x2  Code  Wk  rtx_evr.o [2]
EvrRtxThreadFlagsWaitNotCompleted
                              0xe65     0x2  Code  Wk  rtx_evr.o [2]
EvrRtxThreadFlagsWaitPending
                              0xe63     0x2  Code  Wk  rtx_evr.o [2]
EvrRtxThreadFlagsWaitTimeout
                              0xbff     0x2  Code  Wk  rtx_evr.o [2]
EvrRtxThreadJoined            0xe5d     0x2  Code  Wk  rtx_evr.o [2]
EvrRtxThreadNew               0xe67     0x2  Code  Wk  rtx_evr.o [2]
EvrRtxThreadPreempted         0xc0f     0x2  Code  Wk  rtx_evr.o [2]
EvrRtxThreadSwitched          0xc11     0x2  Code  Wk  rtx_evr.o [2]
EvrRtxThreadUnblocked         0xc0d     0x2  Code  Wk  rtx_evr.o [2]
EvrRtxTimerCallback          0x24ad     0x2  Code  Wk  rtx_evr.o [2]
GPIODirModeSet               0x2281    0x28  Code  Gb  gpio.o [4]
GPIOPadConfigSet             0x22a9   0x102  Code  Gb  gpio.o [4]
GPIOPinTypeGPIOOutput        0x23b3     0xa  Code  Gb  gpio.o [4]
GPIOPinWrite                 0x23ab     0x8  Code  Gb  gpio.o [4]
Gerencia_Elevador            0x1ffb    0x40  Code  Gb  projeto_elevador.o [1]
Gerencia_Elevador_id    0x2000'1f28     0x4  Data  Gb  projeto_elevador.o [1]
LEDInit                      0x21a5    0xc6  Code  Gb  driverleds.o [1]
MessageQueueGet              0x109d    0x40  Code  Lc  rtx_msgqueue.o [2]
MessageQueuePut              0x1051    0x4a  Code  Lc  rtx_msgqueue.o [2]
MessageQueueRemove           0x10dd    0x1a  Code  Lc  rtx_msgqueue.o [2]
OS_Tick_AcknowledgeIRQ       0x1045     0xc  Code  Wk  os_systick.o [2]
OS_Tick_Enable               0x1af9    0x2c  Code  Wk  os_systick.o [2]
OS_Tick_GetIRQn              0x1af1     0x6  Code  Wk  os_systick.o [2]
OS_Tick_Setup                0x1ab1    0x40  Code  Wk  os_systick.o [2]
PendST                  0x2000'1f44     0x1  Data  Lc  os_systick.o [2]
PendSV_Handler               0x2549          Code  Gb  irq_cm4f.o [2]
Region$$Table$$Base          0x27bc           --   Gb  - Linker created -
Region$$Table$$Limit         0x27dc           --   Gb  - Linker created -
SVC_Handler                  0x24b1          Code  Gb  irq_cm4f.o [2]
SysCtlClockFreqSet           0x1b91   0x1fc  Code  Gb  sysctl.o [4]
SysCtlPeripheralEnable       0x1b73     0x8  Code  Gb  sysctl.o [4]
SysCtlPeripheralReady        0x1b51     0x8  Code  Gb  sysctl.o [4]
SysTick_Handler              0x2559          Code  Gb  irq_cm4f.o [2]
SystemCoreClock         0x2000'1f40     0x4  Data  Gb  system_tm4c1294.o [1]
SystemInit                   0x2169    0x20  Code  Gb  system_tm4c1294.o [1]
ThreadFlagsCheck              0x26d    0x6c  Code  Lc  rtx_thread.o [2]
Thread_Uart                  0x203b     0xc  Code  Gb  projeto_elevador.o [1]
Thread_Uart_id          0x2000'1f30     0x4  Data  Gb  projeto_elevador.o [1]
Thread_main                  0x2047    0x46  Code  Gb  projeto_elevador.o [1]
Thread_main_id          0x2000'1f2c     0x4  Data  Gb  projeto_elevador.o [1]
TimerInsert                  0x23d1    0x38  Code  Lc  rtx_timer.o [2]
_SysCtlMemTimingGet          0x1b31    0x20  Code  Lc  sysctl.o [4]
__Vectors                       0x0           --   Gb  startup_tm4c1294.o [1]
__Vectors_End                 0x26c          Data  Gb  startup_tm4c1294.o [1]
__Vectors_Size {Abs}          0x26c           --   Gb  startup_tm4c1294.o [1]
__aeabi_memclr               0x1729          Code  Gb  ABImemclr.o [5]
__aeabi_memclr4               0xdbd          Code  Gb  ABImemclr4.o [5]
__aeabi_memcpy               0x167d          Code  Gb  ABImemcpy.o [5]
__aeabi_memcpy4              0x169d          Code  Gb  ABImemcpy.o [5]
__aeabi_memcpy8              0x169d          Code  Gb  ABImemcpy.o [5]
__cmain                      0x27dd          Code  Gb  cmain.o [5]
__exit                       0x2811    0x14  Code  Gb  exit.o [6]
__iar_Memset4_word           0x100d          Code  Gb  ABImemset48.o [5]
__iar_Memset8_word           0x100d          Code  Gb  ABImemset48.o [5]
__iar_Memset_word            0x1741          Code  Gb  ABImemset.o [5]
__iar_data_init3             0x26e1    0x28  Code  Gb  data_init.o [5]
__iar_init_vfp               0x2849          Code  Wk  startup_tm4c1294.o [1]
__iar_packbits_init_single3
                             0x2649    0x38  Code  Gb  packbits_init_single.o [5]
__iar_program_start          0x283d          Code  Gb  cstartup_M.o [5]
__iar_zero_init3              0xc17    0x3a  Code  Gb  zero_init3.o [5]
__low_level_init             0x27fb     0x4  Code  Gb  low_level_init.o [3]
__vector_table                  0x0          Data  Gb  startup_tm4c1294.o [1]
__vector_table_0x1c            0x1c          Data  Gb  startup_tm4c1294.o [1]
_call_main                   0x27e9          Code  Gb  cmain.o [5]
_exit                        0x2805          Code  Gb  cexit.o [5]
_main                        0x27f7          Code  Gb  cmain.o [5]
elevadorCestado         0x2000'1f38     0x4  Data  Gb  projeto_elevador.o [1]
elevadorDestado         0x2000'1f3c     0x4  Data  Gb  projeto_elevador.o [1]
elevadorEestado         0x2000'1f34     0x4  Data  Gb  projeto_elevador.o [1]
exit                         0x27ff     0x4  Code  Gb  exit.o [3]
g_pppui32XTALtoVCO           0x1dcc   0x1b0  Data  Lc  sysctl.o [4]
g_pui32VCOFrequencies        0x1dc4     0x8  Data  Lc  sysctl.o [4]
g_pui32Xtals                 0x2574    0x6c  Data  Lc  sysctl.o [4]
g_sXTALtoMEMTIM              0x2680    0x30  Data  Lc  sysctl.o [4]
main                         0x208d    0x3c  Code  Gb  projeto_elevador.o [1]
mydelay                      0x26b1          Code  Gb  mydelay.o [1]
osDelay                      0x2129    0x3a  Code  Gb  rtx_delay.o [2]
osKernelGetState             0x19c9    0x40  Code  Gb  rtx_kernel.o [2]
osKernelInitialize           0x1991    0x38  Code  Gb  rtx_kernel.o [2]
osKernelStart                0x1a09    0x34  Code  Gb  rtx_kernel.o [2]
osMessageQueueGet            0x15d9    0x90  Code  Gb  rtx_msgqueue.o [2]
osMessageQueueNew            0x1501    0x3e  Code  Gb  rtx_msgqueue.o [2]
osMessageQueuePut            0x1541    0x98  Code  Gb  rtx_msgqueue.o [2]
osRtxConfig                  0x25e0    0x68  Data  Gb  rtx_lib.o [1]
osRtxErrorNotify              0xfe3    0x20  Code  Wk  RTX_Config.o [1]
osRtxIdleThread               0xdbb     0x2  Code  Wk  RTX_Config.o [1]
osRtxInfo               0x2000'0000    0xa4  Data  Gb  rtx_kernel.o [2]
osRtxKernelPreInit           0x1b27     0x2  Code  Gb  rtx_lib.o [1]
osRtxMemoryAlloc              0xd39    0x82  Code  Wk  rtx_memory.o [2]
osRtxMemoryFree               0xdc5    0x4a  Code  Wk  rtx_memory.o [2]
osRtxMemoryInit              0x1a67    0x44  Code  Wk  rtx_memory.o [2]
osRtxMemoryPoolAlloc          0xc9d    0x44  Code  Gb  rtx_mempool.o [2]
osRtxMemoryPoolFree           0xce1    0x56  Code  Gb  rtx_mempool.o [2]
osRtxMemoryPoolInit           0xc51    0x4a  Code  Gb  rtx_mempool.o [2]
osRtxMessageQueuePostProcess
                             0x10f7    0xee  Code  Lc  rtx_msgqueue.o [2]
osRtxMutexOwnerRelease        0xe11    0x4c  Code  Gb  rtx_mutex.o [2]
osRtxPendSV_Handler           0xedd    0x8a  Code  Gb  rtx_system.o [2]
osRtxPostProcess              0xf69    0x6e  Code  Gb  rtx_system.o [2]
osRtxThreadBlock              0x4fd    0x34  Code  Lc  rtx_thread.o [2]
osRtxThreadDelayInsert        0x331    0x62  Code  Lc  rtx_thread.o [2]
osRtxThreadDelayRemove        0x393    0x60  Code  Lc  rtx_thread.o [2]
osRtxThreadDelayTick          0x3f3    0xf6  Code  Gb  rtx_thread.o [2]
osRtxThreadDispatch           0x54d    0x5c  Code  Gb  rtx_thread.o [2]
osRtxThreadFree               0x83d    0x56  Code  Lc  rtx_thread.o [2]
osRtxThreadListGet            0x2fd    0x16  Code  Gb  rtx_thread.o [2]
osRtxThreadListPut            0x2d9    0x24  Code  Gb  rtx_thread.o [2]
osRtxThreadListRemove         0x313    0x16  Code  Gb  rtx_thread.o [2]
osRtxThreadPostProcess        0x61f    0x50  Code  Lc  rtx_thread.o [2]
osRtxThreadReadyPut           0x329     0x8  Code  Gb  rtx_thread.o [2]
osRtxThreadRegPtr             0x4e9    0x14  Code  Gb  rtx_thread.o [2]
osRtxThreadStartup            0xa51    0x3e  Code  Gb  rtx_thread.o [2]
osRtxThreadSwitch             0x531    0x1c  Code  Gb  rtx_thread.o [2]
osRtxThreadWaitEnter          0x5e3    0x3c  Code  Gb  rtx_thread.o [2]
osRtxThreadWaitExit           0x5af    0x2e  Code  Gb  rtx_thread.o [2]
osRtxTick_Handler             0xe6d    0x6e  Code  Gb  rtx_system.o [2]
osRtxTimerThread             0x2461    0x4c  Code  Wk  rtx_timer.o [2]
osRtxTimerTick               0x2409    0x54  Code  Lc  rtx_timer.o [2]
osRtxUserSVC                 0x2854     0x4  Data  Wk  rtx_lib.o [1]
osThreadExit                  0xad5    0x16  Code  Gb  rtx_thread.o [2]
osThreadFlagsSet              0xaf9    0x7a  Code  Gb  rtx_thread.o [2]
osThreadFlagsWait             0xb79    0x42  Code  Gb  rtx_thread.o [2]
osThreadNew                   0xa91    0x40  Code  Gb  rtx_thread.o [2]
os_idle_thread_attr          0x2774    0x24  Data  Lc  rtx_lib.o [1]
os_idle_thread_cb       0x2000'1e20    0x44  Data  Lc  rtx_lib.o [1]
os_idle_thread_stack    0x2000'1bd0   0x100  Data  Lc  rtx_lib.o [1]
os_isr_queue            0x2000'1ea8    0x40  Data  Lc  rtx_lib.o [1]
os_mem                  0x2000'00d8  0x1000  Data  Lc  rtx_lib.o [1]
os_mpi_def_stack        0x2000'00bc    0x18  Data  Lc  rtx_lib.o [1]
os_mpi_thread           0x2000'00a4    0x18  Data  Lc  rtx_lib.o [1]
os_thread_cb            0x2000'1a38   0x198  Data  Lc  rtx_lib.o [1]
os_thread_def_stack     0x2000'10d8   0x960  Data  Lc  rtx_lib.o [1]
os_timer_mq_attr             0x2824    0x18  Data  Lc  rtx_lib.o [1]
os_timer_mq_cb          0x2000'1ee8    0x34  Data  Lc  rtx_lib.o [1]
os_timer_mq_data        0x2000'1dd0    0x50  Data  Lc  rtx_lib.o [1]
os_timer_thread_attr         0x2798    0x24  Data  Lc  rtx_lib.o [1]
os_timer_thread_cb      0x2000'1e64    0x44  Data  Lc  rtx_lib.o [1]
os_timer_thread_stack   0x2000'1cd0   0x100  Data  Lc  rtx_lib.o [1]
svcRtxDelay                  0x2111    0x16  Code  Lc  rtx_delay.o [2]
svcRtxKernelGetState         0x18e7    0x12  Code  Lc  rtx_kernel.o [2]
svcRtxKernelInitialize       0x17a1   0x146  Code  Lc  rtx_kernel.o [2]
svcRtxKernelStart            0x18f9    0x98  Code  Lc  rtx_kernel.o [2]
svcRtxMessageQueueGet        0x13e9    0xee  Code  Lc  rtx_msgqueue.o [2]
svcRtxMessageQueueNew        0x11e5   0x130  Code  Lc  rtx_msgqueue.o [2]
svcRtxMessageQueuePut        0x1315    0xd4  Code  Lc  rtx_msgqueue.o [2]
svcRtxThreadExit              0x893    0x96  Code  Lc  rtx_thread.o [2]
svcRtxThreadFlagsSet          0x929    0x94  Code  Lc  rtx_thread.o [2]
svcRtxThreadFlagsWait         0x9c9    0x88  Code  Lc  rtx_thread.o [2]
svcRtxThreadNew               0x66f   0x1c8  Code  Lc  rtx_thread.o [2]
thread_elevadores_attr       0x2708    0x24  Data  Gb  projeto_elevador.o [1]
thread_gerenciador_attr
                             0x272c    0x24  Data  Gb  projeto_elevador.o [1]
thread_highpri_attr          0x2750    0x24  Data  Gb  projeto_elevador.o [1]


[1] = C:\Users\gusta\OneDrive\Documentos\Faculdade\8ºPeríodo\Sistemas Embarcados\Tiva_RTOS2_IAR8\projeto_elevador\Debug\Obj
[2] = RTX_CM4F.a
[3] = dl7M_tln.a
[4] = driverlib.a
[5] = rt7M_tl.a
[6] = shb_l.a

   9'424 bytes of readonly  code memory
     975 bytes of readonly  data memory
  40'773 bytes of readwrite data memory

Errors: none
Warnings: none
